// Jest Snapshot v1, https://goo.gl/fbAQLP

exports[`MainClient.vue has same html structure 1`] = `
<div id="user_comps">
  <div class="nav_btns">
    <button type="button" class="btn btn btn-client btn-secondary">
      <!---->
    </button>
    <!---->
    <!---->
    <!---->
  </div>
  <!---->
  <ul class="d-flex justify-content-center user_nav_main nav nav-pills">
    <li class="nav-item nav_item_user">
      <!---->
    </li>
    <li class="nav-item nav_item_user">
      <!---->
    </li>
    <li class="nav-item nav_item_user">
      <!---->
    </li>
    <li class="nav-item nav_item_user">
      <!---->
    </li>
    <li class="nav-item nav_item_user">
      <!---->
    </li>
  </ul>
  <!---->
  <!---->
</div>
`;
